[虚拟时钟] 每轮推进 35 秒（消息打点 / 成熟度 M(Δt) / 时间衰减 T(m) 均走虚拟时间）
[BMDM 门控] {'slice_value': 0.7, 'long_term_value': 0.9, 'tau_m': 600.0, 'tau': 43200.0, 'trigger_threshold': 50}
[官方摘要] {'trigger': 50}（与 --trigger-threshold 同值即为同阈值对照）
[fresh] 已清空 benchmarks/output/tmp（各配置从空库起跑）
===== 细节保留：长度=24，样本=0 =====
  [细节 length=24 sample=0]
    baseline   召回 0/8 [False, False, False, False, False, False, False, False] | 调用 40（内部 0）事件 0 | 每次事件内部调用 None
    summarize  召回 8/8 [True, True, True, True, True, True, True, True] | 调用 41（内部 1）事件 1 | 每次事件内部调用 1.0
      [记忆体积] 摘要正文 末次 217 tok · 累计 217 tok（1 次）
      [摘要正文] '## SESSION INTENT\n\n用户正在与一个客服助手进行对话，主要目的是提供/确认一系列个人信息和商店业务信息。用户以陈述句形式逐条提供信息，助手逐条记录确认。整体任务似乎是信息收集/记录，而非解决某个具体问题。\n\n## SUMMARY\n\n对话模式：用户逐条陈述信息，助手确认记录。当用户询问商店相关信息时，助手表示没有该信息并建议联系人工客服，随后用户主动补充了正确答案，助手再次记录确认。\n\n已记录的用户个人信息：\n- 猫咪名字：小白\n- 订单号：20260815-0042\n- 退款银行卡尾号：3366\n- 生日：3 月 14 日\n- 手机型号：华为 Mate 60\n- 方便联系时间：'
    bmdm       召回 8/8 [True, True, True, True, True, True, True, True] | 调用 42（内部 2）事件 1 | 每次事件内部调用 2.0
      [记忆体积] 注入片段 279 tok（920 字符）· 画像 1 tok
      [诊断] 检索主题='宠物信息与订单退款'
      [诊断] 片段库=[{'id': 1, 'theme': '宠物信息与订单退款'}, {'id': 2, 'theme': '用户个人身份信息'}, {'id': 3, 'theme': '商店营业时间与支付方式'}, {'id': 4, 'theme': '发货时效与退货政策'}, {'id': 5, 'theme': '会员折扣与发票'}, {'id': 6, 'theme': '实体店、客服时间与退货运费'}]
      [诊断] 注入过的片段 id=[1, 2, 6, 5]
      [诊断] 打分表（1 次注入事件；αR/βT/γF 为该维的实际加权贡献）
        事件1: α=0.4 β=0.25 γ=0.35 δ=0.05 | w0=0.1 w1=0.75 w2=0.15
          * id=1 [宠物信息与订单退款] identity,fact,deci str=0 age=  805.0s | R=1.000 T=0.872 F=0.848 | αR=0.400 βT=0.218 γF=0.297 → S=0.965
          * id=6 [实体店、客服时间与退货运费] fact               str=0 age=    0.0s | R=0.342 T=1.000 F=0.550 | αR=0.137 βT=0.250 γF=0.193 → S=0.629
          * id=2 [用户个人身份信息] identity           str=0 age=  630.0s | R=0.000 T=0.886 F=0.812 | αR=0.000 βT=0.222 γF=0.284 → S=0.556
          * id=5 [会员折扣与发票] fact               str=0 age=  210.0s | R=0.000 T=0.933 F=0.550 | αR=0.000 βT=0.233 γF=0.193 → S=0.476
            id=4 [发货时效与退货政策] fact               str=0 age=  350.0s | R=0.000 T=0.914 F=0.550 | αR=0.000 βT=0.229 γF=0.193 → S=0.471
            id=3 [商店营业时间与支付方式] fact               str=0 age=  490.0s | R=0.000 T=0.899 F=0.550 | αR=0.000 βT=0.225 γF=0.193 → S=0.467
      [诊断] 最终系统提示词=
你是智能客服，请基于用户画像与记忆片段简洁回答。
以下为相关片段：
我家养了一只猫，叫小白。
好的，小白这个名字很可爱！请问有什么关于小白的养护问题需要帮助吗？
我上周下的订单号是 20260815-0042。
请稍等，我帮您查询订单 20260815-0042 的状态。
退款请退到我尾号 3366 的银行卡。
好的，退款将退至尾号 3366 的银行卡。请问需要我帮您提交退款申请吗？
我的生日是 3 月 14 日。
好的，已记录您的生日为 3 月 14 日。请问还需要处理之前的退款申请吗？
我的手机是华为 Mate 60。
好的，已记录您使用的是华为 Mate 60。请问还需要处理之前的退款申请吗？
我一般晚上十点之后才有空。
好的，已记录您晚上十点后方便联系。请问还需要处理之前的退款申请吗？
我特别喜欢重庆火锅。
好的，已记录您喜欢重庆火锅。请问还需要处理之前的退款申请吗？
我住在朝阳区望京街道。
好的，已记录您住在朝阳区望京街道。请问还需要处理之前的退款申请吗？
你们有没有实体店？
抱歉，我这边暂时无法确认是否有实体店，建议您查看官方渠道或联系人工客服。另外，之前的退款申请还需要处理吗？
我们以线上为主，部分城市有体验店。
好的，已记录以线上为主，部分城市有体验店。请问还需要处理之前的退款申请吗？
客服几点下班？
抱歉，我这边暂时没有客服下班时间的信息，建议您联系人工客服确认。另外，之前的退款申请还需要处理吗？
客服值班到晚上十点。
好的，已记录客服值班到晚上十点。请问还需要处理之前的退款申请吗？
退货运费谁出？
抱歉，我这边暂时无法确认退货运费由谁承担，建议您查看退货说明或联系人工客服。另外，之前的退款申请还需要处理吗？
质量问题我们承担运费。
有会员折扣吗？
抱歉，我这边暂时无法确认会员折扣信息，建议您查看会员页或联系人工客服。另外，之前的退款申请还需要处理吗？
有，注册会员享九八折。
好的，已记录注册会员享九八折。请问还需要处理之前的退款申请吗？
可以开发票吗？
抱歉，我这边暂时无法确认发票相关信息，建议您查看商品页或联系人工客服。另外，之前的退款申请还需要处理吗？
可以，下单备注抬头即可。
好的，已记录可开发票，下单备注抬头即可。请问还需要处理之前的退款申请吗？

===== 汇总 =====
  d-24-0-judgefix: baseline: 0/8 (6259 in, 40 calls), summarize: 8/8 (20770 in, 41 calls), bmdm: 8/8 (26038 in, 42 calls)
（--no-chart：跳过出图）
