[虚拟时钟] 每轮推进 35 秒（消息打点 / 成熟度 M(Δt) / 时间衰减 T(m) 均走虚拟时间）
[BMDM 门控] {'slice_value': 0.7, 'long_term_value': 0.9, 'tau_m': 600.0, 'tau': 43200.0, 'trigger_threshold': 50}
[官方摘要] {'trigger': 50}（与 --trigger-threshold 同值即为同阈值对照）
[fresh] 已清空 benchmarks/output/tmp（各配置从空库起跑）
===== 细节保留：长度=24，样本=0 =====
  [细节 length=24 sample=0]
    baseline   召回 0/8 [False, False, False, False, False, False, False, False] | 调用 40（内部 0）事件 0 | 每次事件内部调用 None
    summarize  召回 7/8 [True, True, True, False, True, True, True, True] | 调用 41（内部 1）事件 1 | 每次事件内部调用 1.0
      [记忆体积] 摘要正文 末次 199 tok · 累计 199 tok（1 次）
      [摘要正文] '## SESSION INTENT\n\n用户正在与客服助手进行对话，主要目的是咨询商店相关信息（营业时间、支付方式、发货时间、退货政策、会员折扣、发票、实体店、客服时间等），同时提供了大量个人信息和订单信息。助手需要记录这些信息并继续提供帮助。\n\n## SUMMARY\n\n**用户提供的个人信息：**\n- 养了一只猫，叫小白\n- 订单号：20260815-0042（已查询状态）\n- 退款银行卡尾号：3366\n- 生日：3月14日\n- 手机型号：华为 Mate 60\n- 联系时间偏好：晚上十点之后\n- 喜好：重庆火锅\n- 地址：朝阳区望京街道\n\n**用户提供的商店信息（用户主动告知，助手已记录）：*'
    bmdm       召回 7/8 [True, True, True, False, True, True, True, True] | 调用 42（内部 2）事件 1 | 每次事件内部调用 2.0
      [记忆体积] 注入片段 132 tok（433 字符）· 画像 1 tok
      [诊断] 检索主题='宠物与个人身份信息'
      [诊断] 片段库=[{'id': 1, 'theme': '宠物与个人身份信息'}, {'id': 2, 'theme': '订单退款与银行卡信息'}, {'id': 3, 'theme': '个人基础信息补充'}, {'id': 4, 'theme': '个人偏好与住址信息'}, {'id': 5, 'theme': '商店营业时间咨询'}, {'id': 6, 'theme': '支付、发货、退货、发票、会员及客服政策'}]
      [诊断] 注入过的片段 id=[4, 3, 2, 1]
      [诊断] 打分表（1 次注入事件；αR/βT/γF 为该维的实际加权贡献）
        事件1: α=0.35 β=0.2 γ=0.45 δ=0.05 | w0=0.1 w1=0.75 w2=0.15
            id=6 [支付、发货、退货、发票、会员] fact,decision      str=0 age=    0.0s | R=0.000 T=1.000 F=1.000 | αR=0.000 βT=0.200 γF=0.450 → S=0.700
          * id=4 [个人偏好与住址信息] identity,preferenc str=0 age=  630.0s | R=0.000 T=0.886 F=1.000 | αR=0.000 βT=0.177 γF=0.450 → S=0.677
          * id=3 [个人基础信息补充] identity,preferenc str=0 age=  700.0s | R=0.000 T=0.880 F=1.000 | αR=0.000 βT=0.176 γF=0.450 → S=0.676
          * id=2 [订单退款与银行卡信息] identity,decision, str=0 age=  805.0s | R=0.000 T=0.872 F=1.000 | αR=0.000 βT=0.174 γF=0.450 → S=0.674
          * id=1 [宠物与个人身份信息] identity,preferenc str=0 age=  875.0s | R=0.000 T=0.867 F=1.000 | αR=0.000 βT=0.173 γF=0.450 → S=0.673
            id=5 [商店营业时间咨询] fact,chat          str=0 age=  560.0s | R=0.000 T=0.892 F=0.662 | αR=0.000 βT=0.178 γF=0.298 → S=0.527
      [诊断] 最终系统提示词=
你是智能客服，请基于用户画像与记忆片段简洁回答。
以下为相关片段：
我特别喜欢重庆火锅。
好的，已记录。如有其他订单或退款相关问题，请随时告诉我。
我住在朝阳区望京街道。
好的，已记录。请问这些信息与当前退款或订单有关吗？如有其他需求，请说明。
我的生日是 3 月 14 日。
好的，已记录。请问这与当前订单退款有关吗？如需修改退款信息，请告诉我。
我的手机是华为 Mate 60。
好的，已记录。请问这与退款或订单处理有关吗？如需进一步操作，请说明。
我一般晚上十点之后才有空。
好的，已记录。退款处理一般无需特定时间联系您。如有需要，我会尽量安排在晚上十点后联系。
我上周下的订单号是 20260815-0042。
请稍等，我帮您查询订单 **20260815-0042** 的状态。请问您想了解物流进度还是退换货？
退款请退到我尾号 3366 的银行卡。
好的，退款将退至尾号 **3366** 的银行卡。请确认退款金额和订单信息无误，我会为您提交处理。
我家养了一只猫，叫小白。
小白真可爱！有什么关于养猫的问题需要帮忙吗？

===== 汇总 =====
  d-24-0-multidim: baseline: 0/8 (4906 in, 40 calls), summarize: 7/8 (21687 in, 41 calls), bmdm: 7/8 (23092 in, 42 calls)
（跳过 recall_benchmark.png：tag='-multidim' 下无数据）
图表已保存：D:\pycharm\pycharm study\intelligent_customer_service\memory_middleware\benchmarks\output\detail_retention.png
（跳过 cross_session_recall.png：tag='-multidim' 下无数据）
