[fresh] 已清空 benchmarks/output/tmp（各配置从空库起跑）
===== 细节保留：长度=24，样本=0 =====
  [细节 length=24 sample=0]
    baseline   召回 1/8 [False, True, False, False, False, False, False, False] | 调用 40（内部 0）事件 0 | 每次事件内部调用 None
    summarize  召回 8/8 [True, True, True, True, True, True, True, True] | 调用 52（内部 12）事件 12 | 每次事件内部调用 1.0
      [记忆体积] 摘要正文 末次 540 tok · 累计 4066 tok（12 次）
      [摘要正文] '## SESSION INTENT\n用户正在与客服/助手进行订单相关沟通，主要目标是查询订单 **20260815-0042** 的状态，并办理退款。用户还陆续提供了若干个人信息和商店政策信息，并反复测试助手对已记录信息的记忆能力。\n\n## SUMMARY\n- 用户提到家里养了一只猫，名叫**小白**（与订单/退款任务无关的闲聊信息）。\n- 用户提供了订单号：**20260815-0042**，助手已表示将查询该订单状态（尚未返回结果）。\n- 用户指定退款接收账户：尾号 **3366** 的银行卡，助手已确认退款将退至该卡。\n- 用户提供了生日信息：**3 月 14 日**（助手已回应“已记录'
D:\pycharm\pycharm study\intelligent_customer_service\memory_middleware\memory_middleware\middleware.py:172: UserWarning: 对于 messages 模式，总结阈值过低，建议设置为 50 或以上，以避免反复总结
  _warnings.warn("对于 messages 模式，总结阈值过低，建议设置为 50 或以上，以避免反复总结")
    bmdm       召回 7/8 [True, True, True, False, True, True, True, True] | 调用 67（内部 27）事件 9 | 每次事件内部调用 3.0
      [记忆体积] 注入片段 99 tok（325 字符）· 画像 198 tok
      [诊断] 检索主题='宠物信息与订单号查询'
      [诊断] 片段库=[{'id': 1, 'theme': '宠物信息'}, {'id': 2, 'theme': '订单号信息'}, {'id': 3, 'theme': '退款银行卡信息'}, {'id': 4, 'theme': '生日信息'}, {'id': 5, 'theme': '手机机型信息'}, {'id': 6, 'theme': '用户手机型号记录'}, {'id': 7, 'theme': '用户作息与联系时间偏好'}, {'id': 8, 'theme': '用户饮食偏好'}, {'id': 9, 'theme': '用户住址信息'}, {'id': 10, 'theme': '询问商店营业时间'}, {'id': 11, 'theme': '营业时间咨询与更正'}, {'id': 12, 'theme': '支付方式咨询与补充'}, {'id': 13, 'theme': '发货时效咨询'}, {'id': 14, 'theme': '订单发货时间与物流查询'}, {'id': 15, 'theme': '七天无理由退货政策确认'}, {'id': 16, 'theme': '会员折扣咨询'}, {'id': 17, 'theme': '会员折扣信息确认'}, {'id': 18, 'theme': '发票开具方式与要求'}, {'id': 19, 'theme': '询问是否有实体店'}, {'id': 20, 'theme': '线上购物与体验店咨询'}, {'id': 21, 'theme': '客服服务时间咨询'}, {'id': 22, 'theme': '退货运费承担规则与订单号'}, {'id': 23, 'theme': '优惠活动咨询（会员折扣、满减）'}, {'id': 24, 'theme': '预约上门取件咨询'}, {'id': 25, 'theme': '订单20260815-0042上门取件与预约'}, {'id': 26, 'theme': '整机保修一年及保修核实'}, {'id': 27, 'theme': '询问宠物猫名字'}, {'id': 28, 'theme': '宠物信息与订单号查询'}, {'id': 29, 'theme': '退款银行卡信息'}, {'id': 30, 'theme': '生日与手机机型询问'}]
      [诊断] 注入过的片段 id=[28, 30, 29, 23]
      [诊断] 打分表（9 次注入事件；αR/βT/γF 为该维的实际加权贡献）
        事件1: α=0.4 β=0.25 γ=0.35 δ=0.05 | w0=0.1 w1=0.8 w2=0.1
          * id=3 [退款银行卡信息] identity,fact      str=0 age=    4.6s | R=0.000 T=0.965 F=1.000 | αR=0.000 βT=0.241 γF=0.350 → S=0.641
          * id=4 [生日信息] identity           str=0 age=    3.6s | R=0.000 T=0.969 F=0.860 | αR=0.000 βT=0.242 γF=0.301 → S=0.593
          * id=5 [手机机型信息] identity           str=0 age=    3.6s | R=0.000 T=0.969 F=0.860 | αR=0.000 βT=0.242 γF=0.301 → S=0.593
          * id=1 [宠物信息] identity           str=0 age=    6.1s | R=0.000 T=0.960 F=0.860 | αR=0.000 βT=0.240 γF=0.301 → S=0.591
            id=2 [订单号信息] fact               str=0 age=    5.4s | R=0.000 T=0.962 F=0.580 | αR=0.000 βT=0.240 γF=0.203 → S=0.493
        事件2: α=0.3 β=0.2 γ=0.5 δ=0.05 | w0=0.1 w1=0.8 w2=0.1
          * id=9 [用户住址信息] identity,fact      str=0 age=    4.3s | R=0.000 T=0.966 F=1.000 | αR=0.000 βT=0.193 γF=0.500 → S=0.743
          * id=6 [用户手机型号记录] identity,fact      str=0 age=    7.3s | R=0.000 T=0.956 F=1.000 | αR=0.000 βT=0.191 γF=0.500 → S=0.741
          * id=3 [退款银行卡信息] identity,fact      str=1 age=   12.6s | R=0.000 T=0.943 F=1.000 | αR=0.000 βT=0.189 γF=0.500 → S=0.739
          * id=4 [生日信息] identity           str=1 age=   11.5s | R=0.000 T=0.945 F=0.899 | αR=0.000 βT=0.189 γF=0.450 → S=0.689
            id=5 [手机机型信息] identity           str=1 age=   11.5s | R=0.000 T=0.945 F=0.899 | αR=0.000 βT=0.189 γF=0.450 → S=0.689
            id=1 [宠物信息] identity           str=1 age=   14.1s | R=0.000 T=0.939 F=0.899 | αR=0.000 βT=0.188 γF=0.450 → S=0.688
            id=8 [用户饮食偏好] preference         str=0 age=    4.7s | R=0.000 T=0.964 F=0.740 | αR=0.000 βT=0.193 γF=0.370 → S=0.613
            id=7 [用户作息与联系时间偏好] preference         str=0 age=    6.6s | R=0.000 T=0.958 F=0.740 | αR=0.000 βT=0.192 γF=0.370 → S=0.612
            id=2 [订单号信息] fact               str=0 age=   13.4s | R=0.000 T=0.941 F=0.580 | αR=0.000 βT=0.188 γF=0.290 → S=0.528
            id=10 [询问商店营业时间] chat               str=0 age=    3.8s | R=0.000 T=0.968 F=0.220 | αR=0.000 βT=0.194 γF=0.110 → S=0.354
        事件3: α=0.45 β=0.2 γ=0.35 δ=0.05 | w0=0.1 w1=0.8 w2=0.1
            id=11 [营业时间咨询与更正] fact,chat          str=0 age=    5.2s | R=0.264 T=0.963 F=0.700 | αR=0.119 βT=0.193 γF=0.245 → S=0.606
          * id=9 [用户住址信息] identity,fact      str=1 age=   12.6s | R=0.000 T=0.943 F=1.000 | αR=0.000 βT=0.189 γF=0.350 → S=0.589
          * id=6 [用户手机型号记录] identity,fact      str=1 age=   15.6s | R=0.000 T=0.936 F=1.000 | αR=0.000 βT=0.187 γF=0.350 → S=0.587
          * id=3 [退款银行卡信息] identity,fact      str=2 age=   20.8s | R=0.000 T=0.927 F=1.000 | αR=0.000 βT=0.185 γF=0.350 → S=0.585
          * id=4 [生日信息] identity           str=2 age=   19.8s | R=0.000 T=0.928 F=0.923 | αR=0.000 βT=0.186 γF=0.323 → S=0.559
            id=5 [手机机型信息] identity           str=1 age=   19.8s | R=0.000 T=0.928 F=0.899 | αR=0.000 βT=0.186 γF=0.315 → S=0.550
            id=1 [宠物信息] identity           str=1 age=   22.3s | R=0.000 T=0.924 F=0.899 | αR=0.000 βT=0.185 γF=0.315 → S=0.550
            id=8 [用户饮食偏好] preference         str=0 age=   13.0s | R=0.000 T=0.942 F=0.740 | αR=0.000 βT=0.188 γF=0.259 → S=0.497
            id=7 [用户作息与联系时间偏好] preference         str=0 age=   14.8s | R=0.000 T=0.938 F=0.740 | αR=0.000 βT=0.188 γF=0.259 → S=0.497
            id=12 [支付方式咨询与补充] fact,chat          str=0 age=    3.7s | R=0.000 T=0.968 F=0.700 | αR=0.000 βT=0.194 γF=0.245 → S=0.489
            id=2 [订单号信息] fact               str=0 age=   21.6s | R=0.000 T=0.925 F=0.580 | αR=0.000 βT=0.185 γF=0.203 → S=0.438
            id=10 [询问商店营业时间] chat               str=0 age=   12.1s | R=0.134 T=0.944 F=0.220 | αR=0.060 βT=0.189 γF=0.077 → S=0.376
            id=13 [发货时效咨询] chat               str=0 age=    3.7s | R=0.000 T=0.968 F=0.220 | αR=0.000 βT=0.194 γF=0.077 → S=0.321
        事件4: α=0.45 β=0.25 γ=0.3 δ=0.05 | w0=0.1 w1=0.75 w2=0.15
            id=14 [订单发货时间与物流查询] fact,episode       str=0 age=    5.8s | R=0.146 T=0.961 F=0.850 | αR=0.066 βT=0.240 γF=0.255 → S=0.611
            id=15 [七天无理由退货政策确认] fact,decision      str=0 age=    3.8s | R=0.000 T=0.968 F=1.000 | αR=0.000 βT=0.242 γF=0.300 → S=0.592
          * id=9 [用户住址信息] identity,fact      str=2 age=   22.4s | R=0.000 T=0.924 F=1.000 | αR=0.000 βT=0.231 γF=0.300 → S=0.581
          * id=6 [用户手机型号记录] identity,fact      str=2 age=   25.5s | R=0.000 T=0.919 F=1.000 | αR=0.000 βT=0.230 γF=0.300 → S=0.580
          * id=3 [退款银行卡信息] identity,fact      str=3 age=   30.7s | R=0.000 T=0.912 F=1.000 | αR=0.000 βT=0.228 γF=0.300 → S=0.578
          * id=4 [生日信息] identity           str=3 age=   29.7s | R=0.000 T=0.913 F=0.929 | αR=0.000 βT=0.228 γF=0.279 → S=0.557
            id=5 [手机机型信息] identity           str=1 age=   29.7s | R=0.000 T=0.913 F=0.872 | αR=0.000 βT=0.228 γF=0.262 → S=0.540
            id=1 [宠物信息] identity           str=1 age=   32.2s | R=0.000 T=0.910 F=0.872 | αR=0.000 βT=0.227 γF=0.262 → S=0.539
            id=12 [支付方式咨询与补充] fact,chat          str=0 age=   13.6s | R=0.032 T=0.941 F=0.662 | αR=0.015 βT=0.235 γF=0.199 → S=0.498
            id=8 [用户饮食偏好] preference         str=0 age=   22.9s | R=0.000 T=0.923 F=0.700 | αR=0.000 βT=0.231 γF=0.210 → S=0.491
            id=7 [用户作息与联系时间偏好] preference         str=0 age=   24.7s | R=0.000 T=0.920 F=0.700 | αR=0.000 βT=0.230 γF=0.210 → S=0.490
            id=11 [营业时间咨询与更正] fact,chat          str=0 age=   15.1s | R=0.000 T=0.937 F=0.662 | αR=0.000 βT=0.234 γF=0.199 → S=0.483
            id=2 [订单号信息] fact               str=0 age=   31.5s | R=0.058 T=0.911 F=0.550 | αR=0.026 βT=0.228 γF=0.165 → S=0.469
            id=13 [发货时效咨询] chat               str=0 age=   13.6s | R=0.163 T=0.941 F=0.212 | αR=0.073 βT=0.235 γF=0.064 → S=0.422
            id=16 [会员折扣咨询] chat               str=0 age=    3.8s | R=0.000 T=0.968 F=0.212 | αR=0.000 βT=0.242 γF=0.064 → S=0.356
            id=10 [询问商店营业时间] chat               str=0 age=   21.9s | R=0.000 T=0.925 F=0.212 | αR=0.000 βT=0.231 γF=0.064 → S=0.345
        事件5: α=0.45 β=0.2 γ=0.35 δ=0.05 | w0=0.1 w1=0.75 w2=0.15
          * id=3 [退款银行卡信息] identity,fact      str=4 age=   39.3s | R=0.033 T=0.901 F=1.000 | αR=0.015 βT=0.180 γF=0.350 → S=0.595
            id=15 [七天无理由退货政策确认] fact,decision      str=0 age=   12.4s | R=0.000 T=0.943 F=1.000 | αR=0.000 βT=0.189 γF=0.350 → S=0.589
          * id=9 [用户住址信息] identity,fact      str=3 age=   31.0s | R=0.000 T=0.911 F=1.000 | αR=0.000 βT=0.182 γF=0.350 → S=0.582
          * id=6 [用户手机型号记录] identity,fact      str=3 age=   34.0s | R=0.000 T=0.907 F=1.000 | αR=0.000 βT=0.181 γF=0.350 → S=0.582
          * id=4 [生日信息] identity           str=4 age=   38.2s | R=0.000 T=0.902 F=0.942 | αR=0.000 βT=0.180 γF=0.330 → S=0.560
            id=5 [手机机型信息] identity           str=1 age=   38.2s | R=0.000 T=0.902 F=0.872 | αR=0.000 βT=0.180 γF=0.305 → S=0.535
            id=14 [订单发货时间与物流查询] fact,episode       str=0 age=   14.4s | R=0.000 T=0.939 F=0.850 | αR=0.000 βT=0.188 γF=0.297 → S=0.535
            id=1 [宠物信息] identity           str=1 age=   40.8s | R=0.000 T=0.899 F=0.872 | αR=0.000 βT=0.180 γF=0.305 → S=0.535
            id=17 [会员折扣信息确认] fact               str=0 age=    4.9s | R=0.182 T=0.964 F=0.550 | αR=0.082 βT=0.193 γF=0.193 → S=0.517
            id=8 [用户饮食偏好] preference         str=0 age=   31.4s | R=0.000 T=0.911 F=0.700 | αR=0.000 βT=0.182 γF=0.245 → S=0.477
            id=7 [用户作息与联系时间偏好] preference         str=0 age=   33.3s | R=0.000 T=0.908 F=0.700 | αR=0.000 βT=0.182 γF=0.245 → S=0.477
            id=12 [支付方式咨询与补充] fact,chat          str=0 age=   22.1s | R=0.005 T=0.925 F=0.662 | αR=0.002 βT=0.185 γF=0.232 → S=0.469
            id=11 [营业时间咨询与更正] fact,chat          str=0 age=   23.6s | R=0.000 T=0.922 F=0.662 | αR=0.000 βT=0.184 γF=0.232 → S=0.466
            id=18 [发票开具方式与要求] fact               str=0 age=    3.3s | R=0.000 T=0.970 F=0.550 | αR=0.000 βT=0.194 γF=0.193 → S=0.436
            id=2 [订单号信息] fact               str=0 age=   40.1s | R=0.000 T=0.900 F=0.550 | αR=0.000 βT=0.180 γF=0.193 → S=0.422
            id=16 [会员折扣咨询] chat               str=0 age=   12.4s | R=0.222 T=0.943 F=0.212 | αR=0.100 βT=0.189 γF=0.074 → S=0.413
            id=19 [询问是否有实体店] chat               str=0 age=    3.3s | R=0.000 T=0.970 F=0.212 | αR=0.000 βT=0.194 γF=0.074 → S=0.318
            id=13 [发货时效咨询] chat               str=0 age=   22.1s | R=0.000 T=0.925 F=0.212 | αR=0.000 βT=0.185 γF=0.074 → S=0.309
            id=10 [询问商店营业时间] chat               str=0 age=   30.5s | R=0.000 T=0.912 F=0.212 | αR=0.000 βT=0.182 γF=0.074 → S=0.307
        事件6: α=0.4 β=0.25 γ=0.35 δ=0.02 | w0=0.1 w1=0.75 w2=0.15
            id=20 [线上购物与体验店咨询] fact,episode       str=0 age=    5.4s | R=0.209 T=0.962 F=0.850 | αR=0.084 βT=0.240 γF=0.297 → S=0.642
            id=15 [七天无理由退货政策确认] fact,decision      str=0 age=   21.1s | R=0.000 T=0.926 F=1.000 | αR=0.000 βT=0.232 γF=0.350 → S=0.602
          * id=9 [用户住址信息] identity,fact      str=4 age=   39.7s | R=0.000 T=0.900 F=1.000 | αR=0.000 βT=0.225 γF=0.350 → S=0.595
          * id=6 [用户手机型号记录] identity,fact      str=4 age=   42.7s | R=0.000 T=0.897 F=1.000 | αR=0.000 βT=0.224 γF=0.350 → S=0.594
          * id=3 [退款银行卡信息] identity,fact      str=5 age=   48.0s | R=0.000 T=0.891 F=1.000 | αR=0.000 βT=0.223 γF=0.350 → S=0.593
          * id=4 [生日信息] identity           str=5 age=   46.9s | R=0.000 T=0.892 F=0.950 | αR=0.000 βT=0.223 γF=0.333 → S=0.576
            id=21 [客服服务时间咨询] fact,episode       str=0 age=    3.7s | R=0.000 T=0.968 F=0.850 | αR=0.000 βT=0.242 γF=0.297 → S=0.560
            id=14 [订单发货时间与物流查询] fact,episode       str=0 age=   23.1s | R=0.000 T=0.923 F=0.850 | αR=0.000 βT=0.231 γF=0.297 → S=0.548
            id=5 [手机机型信息] identity           str=1 age=   46.9s | R=0.000 T=0.892 F=0.872 | αR=0.000 βT=0.223 γF=0.305 → S=0.548
            id=1 [宠物信息] identity           str=1 age=   49.5s | R=0.000 T=0.889 F=0.872 | αR=0.000 βT=0.222 γF=0.305 → S=0.547
            id=12 [支付方式咨询与补充] fact,chat          str=0 age=   30.8s | R=0.061 T=0.912 F=0.662 | αR=0.025 βT=0.228 γF=0.232 → S=0.504
            id=8 [用户饮食偏好] preference         str=0 age=   40.1s | R=0.000 T=0.900 F=0.700 | αR=0.000 βT=0.225 γF=0.245 → S=0.490
            id=7 [用户作息与联系时间偏好] preference         str=0 age=   42.0s | R=0.000 T=0.898 F=0.700 | αR=0.000 βT=0.224 γF=0.245 → S=0.489
            id=11 [营业时间咨询与更正] fact,chat          str=0 age=   32.3s | R=0.000 T=0.910 F=0.662 | αR=0.000 βT=0.227 γF=0.232 → S=0.479
            id=18 [发票开具方式与要求] fact               str=0 age=   12.0s | R=0.000 T=0.944 F=0.550 | αR=0.000 βT=0.236 γF=0.193 → S=0.449
            id=17 [会员折扣信息确认] fact               str=0 age=   13.6s | R=0.000 T=0.941 F=0.550 | αR=0.000 βT=0.235 γF=0.193 → S=0.448
            id=2 [订单号信息] fact               str=0 age=   48.8s | R=0.000 T=0.890 F=0.550 | αR=0.000 βT=0.223 γF=0.193 → S=0.435
            id=19 [询问是否有实体店] chat               str=0 age=   12.0s | R=0.120 T=0.944 F=0.212 | αR=0.048 βT=0.236 γF=0.074 → S=0.378
            id=16 [会员折扣咨询] chat               str=0 age=   21.1s | R=0.000 T=0.926 F=0.212 | αR=0.000 βT=0.232 γF=0.074 → S=0.326
            id=13 [发货时效咨询] chat               str=0 age=   30.8s | R=0.000 T=0.912 F=0.212 | αR=0.000 βT=0.228 γF=0.074 → S=0.322
            id=10 [询问商店营业时间] chat               str=0 age=   39.2s | R=0.000 T=0.901 F=0.212 | αR=0.000 βT=0.225 γF=0.074 → S=0.320
        事件7: α=0.45 β=0.2 γ=0.35 δ=0.05 | w0=0.1 w1=0.75 w2=0.15
          * id=22 [退货运费承担规则与订单号] fact,identity      str=0 age=    5.0s | R=0.259 T=0.963 F=1.000 | αR=0.117 βT=0.193 γF=0.350 → S=0.709
          * id=3 [退款银行卡信息] identity,fact      str=6 age=   56.4s | R=0.092 T=0.882 F=1.000 | αR=0.041 βT=0.176 γF=0.350 → S=0.618
            id=15 [七天无理由退货政策确认] fact,decision      str=0 age=   29.6s | R=0.050 T=0.913 F=1.000 | αR=0.022 βT=0.183 γF=0.350 → S=0.605
          * id=23 [优惠活动咨询（会员折扣、满减] fact,preference    str=0 age=    3.4s | R=0.000 T=0.970 F=1.000 | αR=0.000 βT=0.194 γF=0.350 → S=0.594
          * id=9 [用户住址信息] identity,fact      str=5 age=   48.2s | R=0.000 T=0.891 F=1.000 | αR=0.000 βT=0.178 γF=0.350 → S=0.578
            id=6 [用户手机型号记录] identity,fact      str=5 age=   51.2s | R=0.000 T=0.888 F=1.000 | αR=0.000 βT=0.177 γF=0.350 → S=0.578
            id=4 [生日信息] identity           str=6 age=   55.4s | R=0.000 T=0.883 F=0.955 | αR=0.000 βT=0.177 γF=0.334 → S=0.561
            id=21 [客服服务时间咨询] fact,episode       str=0 age=   12.2s | R=0.000 T=0.944 F=0.850 | αR=0.000 βT=0.189 γF=0.297 → S=0.536
            id=20 [线上购物与体验店咨询] fact,episode       str=0 age=   13.9s | R=0.000 T=0.940 F=0.850 | αR=0.000 βT=0.188 γF=0.297 → S=0.535
            id=5 [手机机型信息] identity           str=1 age=   55.4s | R=0.000 T=0.883 F=0.872 | αR=0.000 βT=0.177 γF=0.305 → S=0.532
            id=1 [宠物信息] identity           str=1 age=   57.9s | R=0.000 T=0.881 F=0.872 | αR=0.000 βT=0.176 γF=0.305 → S=0.531
            id=14 [订单发货时间与物流查询] fact,episode       str=0 age=   31.5s | R=0.000 T=0.911 F=0.850 | αR=0.000 βT=0.182 γF=0.297 → S=0.530
            id=8 [用户饮食偏好] preference         str=0 age=   48.6s | R=0.000 T=0.890 F=0.700 | αR=0.000 βT=0.178 γF=0.245 → S=0.473
            id=7 [用户作息与联系时间偏好] preference         str=0 age=   50.5s | R=0.000 T=0.888 F=0.700 | αR=0.000 βT=0.178 γF=0.245 → S=0.473
            id=12 [支付方式咨询与补充] fact,chat          str=0 age=   39.3s | R=0.018 T=0.901 F=0.662 | αR=0.008 βT=0.180 γF=0.232 → S=0.470
            id=11 [营业时间咨询与更正] fact,chat          str=0 age=   40.8s | R=0.000 T=0.899 F=0.662 | αR=0.000 βT=0.180 γF=0.232 → S=0.462
            id=2 [订单号信息] fact               str=0 age=   57.2s | R=0.063 T=0.881 F=0.550 | αR=0.028 βT=0.176 γF=0.193 → S=0.447
            id=18 [发票开具方式与要求] fact               str=0 age=   20.5s | R=0.000 T=0.927 F=0.550 | αR=0.000 βT=0.185 γF=0.193 → S=0.428
            id=17 [会员折扣信息确认] fact               str=0 age=   22.0s | R=0.000 T=0.925 F=0.550 | αR=0.000 βT=0.185 γF=0.193 → S=0.427
            id=24 [预约上门取件咨询] episode            str=0 age=    3.4s | R=0.048 T=0.970 F=0.400 | αR=0.021 βT=0.194 γF=0.140 → S=0.405
            id=13 [发货时效咨询] chat               str=0 age=   39.3s | R=0.068 T=0.901 F=0.212 | αR=0.031 βT=0.180 γF=0.074 → S=0.335
            id=19 [询问是否有实体店] chat               str=0 age=   20.5s | R=0.000 T=0.927 F=0.212 | αR=0.000 βT=0.185 γF=0.074 → S=0.310
            id=16 [会员折扣咨询] chat               str=0 age=   29.6s | R=0.000 T=0.913 F=0.212 | αR=0.000 βT=0.183 γF=0.074 → S=0.307
            id=10 [询问商店营业时间] chat               str=0 age=   47.7s | R=0.000 T=0.891 F=0.212 | αR=0.000 βT=0.178 γF=0.074 → S=0.303
        事件8: α=0.4 β=0.25 γ=0.35 δ=0.05 | w0=0.1 w1=0.8 w2=0.1
            id=15 [七天无理由退货政策确认] fact,decision      str=0 age=   38.0s | R=0.087 T=0.902 F=1.000 | αR=0.035 βT=0.226 γF=0.350 → S=0.660
          * id=22 [退货运费承担规则与订单号] fact,identity      str=1 age=   13.4s | R=0.012 T=0.941 F=1.000 | αR=0.005 βT=0.235 γF=0.350 → S=0.640
            id=25 [订单20260815-004] fact,episode       str=0 age=    5.3s | R=0.076 T=0.962 F=0.900 | αR=0.030 βT=0.241 γF=0.315 → S=0.636
          * id=23 [优惠活动咨询（会员折扣、满减] fact,preference    str=1 age=   11.8s | R=0.000 T=0.944 F=1.000 | αR=0.000 βT=0.236 γF=0.350 → S=0.636
          * id=9 [用户住址信息] identity,fact      str=6 age=   56.5s | R=0.000 T=0.882 F=1.000 | αR=0.000 βT=0.221 γF=0.350 → S=0.621
          * id=6 [用户手机型号记录] identity,fact      str=5 age=   59.6s | R=0.000 T=0.879 F=1.000 | αR=0.000 βT=0.220 γF=0.350 → S=0.620
            id=3 [退款银行卡信息] identity,fact      str=7 age=   64.8s | R=0.000 T=0.874 F=1.000 | αR=0.000 βT=0.219 γF=0.350 → S=0.619
            id=20 [线上购物与体验店咨询] fact,episode       str=0 age=   22.2s | R=0.021 T=0.924 F=0.900 | αR=0.009 βT=0.231 γF=0.315 → S=0.605
            id=4 [生日信息] identity           str=6 age=   63.8s | R=0.000 T=0.875 F=0.955 | αR=0.000 βT=0.219 γF=0.334 → S=0.603
            id=21 [客服服务时间咨询] fact,episode       str=0 age=   20.5s | R=0.000 T=0.927 F=0.900 | αR=0.000 βT=0.232 γF=0.315 → S=0.597
            id=14 [订单发货时间与物流查询] fact,episode       str=0 age=   39.9s | R=0.000 T=0.900 F=0.900 | αR=0.000 βT=0.225 γF=0.315 → S=0.590
            id=5 [手机机型信息] identity           str=1 age=   63.8s | R=0.000 T=0.875 F=0.899 | αR=0.000 βT=0.219 γF=0.315 → S=0.584
            id=1 [宠物信息] identity           str=1 age=   66.3s | R=0.000 T=0.873 F=0.899 | αR=0.000 βT=0.218 γF=0.315 → S=0.583
            id=26 [整机保修一年及保修核实] fact               str=0 age=    4.0s | R=0.139 T=0.967 F=0.580 | αR=0.056 βT=0.242 γF=0.203 → S=0.551
            id=12 [支付方式咨询与补充] fact,chat          str=0 age=   47.7s | R=0.060 T=0.891 F=0.700 | αR=0.024 βT=0.223 γF=0.245 → S=0.542
            id=8 [用户饮食偏好] preference         str=0 age=   57.0s | R=0.000 T=0.882 F=0.740 | αR=0.000 βT=0.220 γF=0.259 → S=0.529
            id=7 [用户作息与联系时间偏好] preference         str=0 age=   58.8s | R=0.000 T=0.880 F=0.740 | αR=0.000 βT=0.220 γF=0.259 → S=0.529
            id=11 [营业时间咨询与更正] fact,chat          str=0 age=   49.2s | R=0.000 T=0.890 F=0.700 | αR=0.000 βT=0.222 γF=0.245 → S=0.517
            id=2 [订单号信息] fact               str=0 age=   65.6s | R=0.060 T=0.874 F=0.580 | αR=0.024 βT=0.218 γF=0.203 → S=0.495
            id=18 [发票开具方式与要求] fact               str=0 age=   28.9s | R=0.031 T=0.914 F=0.580 | αR=0.013 βT=0.229 γF=0.203 → S=0.494
            id=17 [会员折扣信息确认] fact               str=0 age=   30.4s | R=0.000 T=0.912 F=0.580 | αR=0.000 βT=0.228 γF=0.203 → S=0.481
            id=24 [预约上门取件咨询] episode            str=0 age=   11.8s | R=0.017 T=0.944 F=0.420 | αR=0.007 βT=0.236 γF=0.147 → S=0.440
            id=27 [询问宠物猫名字] chat               str=0 age=    4.0s | R=0.000 T=0.967 F=0.220 | αR=0.000 βT=0.242 γF=0.077 → S=0.369
            id=19 [询问是否有实体店] chat               str=0 age=   28.9s | R=0.000 T=0.914 F=0.220 | αR=0.000 βT=0.229 γF=0.077 → S=0.356
            id=16 [会员折扣咨询] chat               str=0 age=   38.0s | R=0.000 T=0.902 F=0.220 | αR=0.000 βT=0.226 γF=0.077 → S=0.353
            id=13 [发货时效咨询] chat               str=0 age=   47.7s | R=0.000 T=0.891 F=0.220 | αR=0.000 βT=0.223 γF=0.077 → S=0.350
            id=10 [询问商店营业时间] chat               str=0 age=   56.0s | R=0.000 T=0.883 F=0.220 | αR=0.000 βT=0.221 γF=0.077 → S=0.348
        事件9: α=0.4 β=0.2 γ=0.4 δ=0.05 | w0=0.1 w1=0.8 w2=0.1
          * id=28 [宠物信息与订单号查询] identity,fact      str=0 age=    5.0s | R=0.194 T=0.963 F=1.000 | αR=0.078 βT=0.193 γF=0.400 → S=0.721
          * id=30 [生日与手机机型询问] identity,fact      str=0 age=    3.8s | R=0.000 T=0.968 F=1.000 | αR=0.000 βT=0.194 γF=0.400 → S=0.644
          * id=29 [退款银行卡信息] identity,fact      str=0 age=    4.1s | R=0.000 T=0.967 F=1.000 | αR=0.000 βT=0.193 γF=0.400 → S=0.643
          * id=23 [优惠活动咨询（会员折扣、满减] fact,preference    str=2 age=   19.8s | R=0.000 T=0.928 F=1.000 | αR=0.000 βT=0.186 γF=0.400 → S=0.636
            id=22 [退货运费承担规则与订单号] fact,identity      str=2 age=   21.4s | R=0.000 T=0.926 F=1.000 | αR=0.000 βT=0.185 γF=0.400 → S=0.635
            id=3 [退款银行卡信息] identity,fact      str=7 age=   72.9s | R=0.021 T=0.867 F=1.000 | αR=0.009 βT=0.173 γF=0.400 → S=0.632
            id=15 [七天无理由退货政策确认] fact,decision      str=0 age=   46.0s | R=0.005 T=0.893 F=1.000 | αR=0.002 βT=0.179 γF=0.400 → S=0.631
            id=25 [订单20260815-004] fact,episode       str=0 age=   13.4s | R=0.069 T=0.941 F=0.900 | αR=0.028 βT=0.188 γF=0.360 → S=0.626
            id=9 [用户住址信息] identity,fact      str=7 age=   64.6s | R=0.000 T=0.875 F=1.000 | αR=0.000 βT=0.175 γF=0.400 → S=0.625
            id=6 [用户手机型号记录] identity,fact      str=6 age=   67.6s | R=0.000 T=0.872 F=1.000 | αR=0.000 βT=0.174 γF=0.400 → S=0.624
            id=4 [生日信息] identity           str=6 age=   71.8s | R=0.000 T=0.868 F=0.955 | αR=0.000 βT=0.174 γF=0.382 → S=0.606
            id=21 [客服服务时间咨询] fact,episode       str=0 age=   28.6s | R=0.000 T=0.915 F=0.900 | αR=0.000 βT=0.183 γF=0.360 → S=0.593
            id=20 [线上购物与体验店咨询] fact,episode       str=0 age=   30.3s | R=0.000 T=0.912 F=0.900 | αR=0.000 βT=0.182 γF=0.360 → S=0.593
            id=14 [订单发货时间与物流查询] fact,episode       str=0 age=   48.0s | R=0.000 T=0.891 F=0.900 | αR=0.000 βT=0.178 γF=0.360 → S=0.588
            id=5 [手机机型信息] identity           str=1 age=   71.8s | R=0.000 T=0.868 F=0.899 | αR=0.000 βT=0.174 γF=0.360 → S=0.583
            id=1 [宠物信息] identity           str=1 age=   74.4s | R=0.000 T=0.866 F=0.899 | αR=0.000 βT=0.173 γF=0.360 → S=0.583
            id=8 [用户饮食偏好] preference         str=0 age=   65.0s | R=0.000 T=0.874 F=0.740 | αR=0.000 βT=0.175 γF=0.296 → S=0.521
            id=7 [用户作息与联系时间偏好] preference         str=0 age=   66.9s | R=0.000 T=0.873 F=0.740 | αR=0.000 βT=0.174 γF=0.296 → S=0.520
            id=12 [支付方式咨询与补充] fact,chat          str=0 age=   55.7s | R=0.014 T=0.883 F=0.700 | αR=0.005 βT=0.177 γF=0.280 → S=0.512
            id=11 [营业时间咨询与更正] fact,chat          str=0 age=   57.2s | R=0.000 T=0.881 F=0.700 | αR=0.000 βT=0.176 γF=0.280 → S=0.506
            id=2 [订单号信息] fact               str=0 age=   73.7s | R=0.105 T=0.867 F=0.580 | αR=0.042 βT=0.173 γF=0.232 → S=0.497
            id=26 [整机保修一年及保修核实] fact               str=0 age=   12.1s | R=0.000 T=0.944 F=0.580 | αR=0.000 βT=0.189 γF=0.232 → S=0.471
            id=18 [发票开具方式与要求] fact               str=0 age=   36.9s | R=0.000 T=0.904 F=0.580 | αR=0.000 βT=0.181 γF=0.232 → S=0.463
            id=17 [会员折扣信息确认] fact               str=0 age=   38.5s | R=0.000 T=0.902 F=0.580 | αR=0.000 βT=0.180 γF=0.232 → S=0.462
            id=24 [预约上门取件咨询] episode            str=0 age=   19.8s | R=0.046 T=0.928 F=0.420 | αR=0.018 βT=0.186 γF=0.168 → S=0.422
            id=27 [询问宠物猫名字] chat               str=0 age=   12.1s | R=0.000 T=0.944 F=0.220 | αR=0.000 βT=0.189 γF=0.088 → S=0.327
            id=19 [询问是否有实体店] chat               str=0 age=   36.9s | R=0.000 T=0.904 F=0.220 | αR=0.000 βT=0.181 γF=0.088 → S=0.319
            id=16 [会员折扣咨询] chat               str=0 age=   46.0s | R=0.000 T=0.893 F=0.220 | αR=0.000 βT=0.179 γF=0.088 → S=0.317
            id=13 [发货时效咨询] chat               str=0 age=   55.7s | R=0.000 T=0.883 F=0.220 | αR=0.000 βT=0.177 γF=0.088 → S=0.315
            id=10 [询问商店营业时间] chat               str=0 age=   64.1s | R=0.000 T=0.875 F=0.220 | αR=0.000 βT=0.175 γF=0.088 → S=0.313
      [诊断] 最终系统提示词=
你是智能客服，请基于用户画像与记忆片段简洁回答。
【当前用户画像】
user_interest: ['线上购物', '体验店信息']
user_goals: ['查询哪些城市有体验店', '了解客服服务时间']
user_person: {'pet': '猫，名字叫小白', 'order_id': '20260815-0042', 'refund_bank_card_last4': '3366', 'birthday': '3月14日', 'phone_model': '华为 Mate 60', '手机型号': '华为 Mate 60', '居住地': '朝阳区望京街道', '空闲时间': '晚上十点之后', '饮食偏好': '重庆火锅', '咨询内容': ['营业时间', '支付方式（货到付款/在线支付）', '发货时效'], '关注点': ['发货时间', '七天无理由退货', '会员折扣'], '咨询订单': '20260815-0042', '会员折扣': '注册会员享九八折', '发票需求': '可开发票，下单备注抬头即可', '订单号': '20260815-0042', '关注优惠活动': ['会员折扣（注册会员享九八折）', '满300减50'], '咨询事项': ['退货运费承担规则', '优惠活动', '预约上门取件'], 'preferred_pickup_time': '晚上十点之后', 'purchased_product_warranty': '整机保修一年', 'has_pet_cat': True}
以下为相关片段：
您家猫叫小白。
我的订单号是多少？
您的订单号是 **20260815-0042**。
我生日是哪天？
您的生日是 **3月14日**。
我用的是什么手机？
退款退到哪张卡？
退款将退到您尾号 **3366** 的银行卡。
有什么优惠活动吗？
您好，目前可享的优惠：
- **会员折扣**：注册会员享九八折。

如需核实订单 **20260815-0042** 是否有可叠加的活动，我可以帮您查询。
最近有满三百减五十的活动。
好的，收到！**满300减50** 的活动已记录。

需要我帮您核实订单 **20260815-0042** 是否满足该活动条件吗？另外提醒，会员折扣（注册会员享九八折）可与活动叠加情况以订单结算为准，我可一并帮您查询。

===== 汇总 =====
  d-24-0-multidimopen: baseline: 1/8 (6327 in, 40 calls), summarize: 8/8 (40266 in, 52 calls), bmdm: 7/8 (41942 in, 67 calls)
（跳过 recall_benchmark.png：tag='-multidimopen' 下无数据）
图表已保存：D:\pycharm\pycharm study\intelligent_customer_service\memory_middleware\benchmarks\output\detail_retention.png
（跳过 cross_session_recall.png：tag='-multidimopen' 下无数据）
