[虚拟时钟] 每轮推进 35 秒（消息打点 / 成熟度 M(Δt) / 时间衰减 T(m) 均走虚拟时间）
[BMDM 门控] {'slice_value': 0.7, 'long_term_value': 0.9, 'tau_m': 600.0, 'tau': 43200.0, 'trigger_threshold': 50}
[官方摘要] {'trigger': 50}（与 --trigger-threshold 同值即为同阈值对照）
[fresh] 已清空 benchmarks/output/tmp（各配置从空库起跑）
===== 细节保留：长度=24，样本=0 =====
  [细节 length=24 sample=0]
    baseline   召回 0/8 [False, False, False, False, False, False, False, False] | 调用 40（内部 0）事件 0 | 每次事件内部调用 None
    summarize  召回 7/8 [True, True, True, False, True, True, True, True] | 调用 41（内部 1）事件 1 | 每次事件内部调用 1.0
      [记忆体积] 摘要正文 末次 237 tok · 累计 237 tok（1 次）
      [摘要正文] '## SESSION INTENT\n用户就订单 **20260815-0042** 咨询退款及相关商店政策。核心待办事项是确认该订单是否需要申请退款，并处理退款（退款至尾号 **3366** 的银行卡）。\n\n## SUMMARY\n- 用户提供了订单号 **20260815-0042**，AI 已多次询问该订单是否需要申请退款，但用户始终未明确答复。\n- 退款目标账户已确认：尾号 **3366** 的银行卡。\n- 用户陆续提供了大量个人信息与商店政策信息，AI 均表示“已记录”，但这些信息与退款核心任务关联度低，属于干扰性/闲聊内容。\n- 用户反复以陈述句形式“回答”AI 提出的商店政策问题（如'
    bmdm       召回 8/8 [True, True, True, True, True, True, True, True] | 调用 42（内部 2）事件 1 | 每次事件内部调用 2.0
      [记忆体积] 注入片段 228 tok（752 字符）· 画像 1 tok
      [诊断] 检索主题='宠物与订单退款请求'
      [诊断] 片段库=[{'id': 1, 'theme': '宠物与订单退款请求'}, {'id': 2, 'theme': '用户个人信息（生日、手机、作息、住址）'}, {'id': 3, 'theme': '营业时间与支付方式'}, {'id': 4, 'theme': '发货时效与退换货政策'}, {'id': 5, 'theme': '会员折扣、发票与门店信息'}, {'id': 6, 'theme': '客服值班时间与退货运费承担'}]
      [诊断] 注入过的片段 id=[1, 2, 6, 5]
      [诊断] 打分表（1 次注入事件；αR/βT/γF 为该维的实际加权贡献）
        事件1: α=0.4 β=0.2 γ=0.4 δ=0.05 | w0=0.1 w1=0.75 w2=0.15
          * id=1 [宠物与订单退款请求] identity,fact,epis str=0 age=  805.0s | R=1.000 T=0.872 F=0.841 | αR=0.400 βT=0.174 γF=0.336 → S=0.961
          * id=2 [用户个人信息（生日、手机、作] identity,preferenc str=0 age=  630.0s | R=0.428 T=0.886 F=0.843 | αR=0.171 βT=0.177 γF=0.337 → S=0.735
          * id=6 [客服值班时间与退货运费承担] fact               str=0 age=    0.0s | R=0.000 T=1.000 F=0.550 | αR=0.000 βT=0.200 γF=0.220 → S=0.470
          * id=5 [会员折扣、发票与门店信息] fact               str=0 age=  140.0s | R=0.000 T=0.945 F=0.550 | αR=0.000 βT=0.189 γF=0.220 → S=0.459
            id=4 [发货时效与退换货政策] fact               str=0 age=  350.0s | R=0.000 T=0.914 F=0.550 | αR=0.000 βT=0.183 γF=0.220 → S=0.453
            id=3 [营业时间与支付方式] fact               str=0 age=  490.0s | R=0.000 T=0.899 F=0.550 | αR=0.000 βT=0.180 γF=0.220 → S=0.450
      [诊断] 最终系统提示词=
你是智能客服，请基于用户画像与记忆片段简洁回答。
以下为相关片段：
我家养了一只猫，叫小白。
小白真可爱！请问有什么可以帮您的？
我上周下的订单号是 20260815-0042。
请稍等，我帮您查询订单 20260815-0042 的状态。请问您想了解物流进度还是退换货？
退款请退到我尾号 3366 的银行卡。
好的，退款将退回您尾号 3366 的银行卡。请问方便提供订单号确认一下吗？
我的生日是 3 月 14 日。
抱歉，退款无需生日信息哦。请提供订单号，我帮您确认退款。
我的手机是华为 Mate 60。
退款与手机型号无关。请提供订单号，我帮您处理退款。
我一般晚上十点之后才有空。
好的，已记录。请提供订单号，我帮您处理退款。
我特别喜欢重庆火锅。
好的，已记录您的偏好。请提供订单号，我帮您处理退款。
我住在朝阳区望京街道。
好的，已记录。请提供订单号，我帮您处理退款。
客服几点下班？
在线客服一般 9:00–21:00，具体以页面为准。请提供订单号，我帮您处理退款。
客服值班到晚上十点。
好的，已更新为 9:00–22:00。请提供订单号，我帮您处理退款。
退货运费谁出？
质量问题由商家承担，非质量问题一般由买家承担，具体以售后政策为准。请提供订单号，我帮您处理退款。
质量问题我们承担运费。
有会员折扣吗？
有会员折扣，具体以活动页为准。请提供订单号，我帮您处理退款。
有，注册会员享九八折。
好的，已记录。请提供订单号，我帮您处理退款。
可以开发票吗？
可以开发票，下单时可选择。请提供订单号，我帮您处理退款。
可以，下单备注抬头即可。
好的，已记录。请提供订单号，我帮您处理退款。
你们有没有实体店？
有的，具体门店可在官网查询。请提供订单号，我帮您处理退款。
我们以线上为主，部分城市有体验店。
好的，已记录。请提供订单号，我帮您处理退款。

===== 汇总 =====
  d-24-0-multidim-v2: baseline: 0/8 (4952 in, 40 calls), summarize: 7/8 (28552 in, 41 calls), bmdm: 8/8 (23795 in, 42 calls)
（跳过 recall_benchmark.png：tag='-multidim-v2' 下无数据）
图表已保存：D:\pycharm\pycharm study\intelligent_customer_service\memory_middleware\benchmarks\output\detail_retention.png
（跳过 cross_session_recall.png：tag='-multidim-v2' 下无数据）
