[fresh] 已清空 benchmarks/output/tmp（各配置从空库起跑）
===== 细节保留：长度=24，样本=0 =====
  [细节 length=24 sample=0]
    baseline   召回 0/8 [False, False, False, False, False, False, False, False] | 调用 40（内部 0）事件 0 | 每次事件内部调用 None
    summarize  召回 7/8 [True, True, True, False, True, True, True, True] | 调用 52（内部 12）事件 12 | 每次事件内部调用 1.0
      [记忆体积] 摘要正文 末次 325 tok · 累计 4660 tok（12 次）
      [摘要正文] '## SESSION INTENT\n用户正在与客服助手进行多轮对话，持续逐条提供零散的个人信息、偏好及订单相关事项，并逐条向助手确认/询问已记录的信息。当前没有明确的单一任务目标，用户似乎在测试助手对已记录信息的记忆，逐条提问。最新一条用户消息为“我用的是什么手机？”，助手尚未回应。\n\n## SUMMARY\n- 用户养了一只猫，名叫“小白”。\n- 用户订单号：**20260815-0042**（助手已告知用户）。\n- 用户要求将退款退至尾号 **3366** 的银行卡（助手已确认）。\n- 用户生日：**3 月 14 日**（助手已确认）。\n- 用户手机型号：**华为 Mate 60**（用户已'
D:\pycharm\pycharm study\intelligent_customer_service\memory_middleware\memory_middleware\middleware.py:173: UserWarning: 对于 messages 模式，总结阈值过低，建议设置为 50 或以上，以避免反复总结
  _warnings.warn("对于 messages 模式，总结阈值过低，建议设置为 50 或以上，以避免反复总结")
    bmdm       召回 7/8 [True, True, True, False, True, True, True, True] | 调用 67（内部 27）事件 9 | 每次事件内部调用 3.0
      [记忆体积] 注入片段 52 tok（170 字符）· 画像 253 tok
      [诊断] 检索主题='宠物信息'
      [诊断] 片段库=[{'id': 1, 'theme': '宠物猫小白'}, {'id': 2, 'theme': '订单号与退款银行卡信息'}, {'id': 3, 'theme': '用户生日信息'}, {'id': 4, 'theme': '用户手机机型'}, {'id': 5, 'theme': '用户设备与订单信息'}, {'id': 6, 'theme': '用户空闲时间偏好'}, {'id': 7, 'theme': '用户饮食偏好'}, {'id': 8, 'theme': '用户居住区域'}, {'id': 9, 'theme': '商店营业时间咨询'}, {'id': 10, 'theme': '客服营业时间确认'}, {'id': 11, 'theme': '支付方式（货到付款/在线支付）'}, {'id': 12, 'theme': '订单退款待处理（20260815-0042）'}, {'id': 13, 'theme': '发货时效咨询'}, {'id': 14, 'theme': '订单退款与发货时效'}, {'id': 15, 'theme': '七天无理由退货政策'}, {'id': 16, 'theme': '退货条件确认与退款信息'}, {'id': 17, 'theme': '会员折扣咨询'}, {'id': 18, 'theme': '订单退款与会员折扣咨询'}, {'id': 19, 'theme': '订单发票开具方式咨询'}, {'id': 20, 'theme': '询问是否有实体店'}, {'id': 21, 'theme': '门店分布与客服时间咨询'}, {'id': 22, 'theme': '订单20260815-0042退款进度'}, {'id': 23, 'theme': '客服下班时间确认'}, {'id': 24, 'theme': '退货运费承担方咨询'}, {'id': 25, 'theme': '订单退货运费归属与退款进度'}, {'id': 26, 'theme': '会员折扣与优惠活动咨询'}, {'id': 27, 'theme': '预约上门取件需求'}, {'id': 28, 'theme': '退货上门取件预约与时间偏好'}, {'id': 29, 'theme': '保修期咨询与确认'}, {'id': 30, 'theme': '退款进度与银行卡信息'}, {'id': 31, 'theme': '无关提问（宠物名字）'}, {'id': 32, 'theme': '宠物信息（猫名小白）'}, {'id': 33, 'theme': '订单号信息'}, {'id': 34, 'theme': '退款银行卡信息'}, {'id': 35, 'theme': '生日与手机机型询问'}]
      [诊断] 注入过的片段 id=[1, 32, 5, 3]
      [诊断] 打分表（9 次注入事件；αR/βT/γF 为该维的实际加权贡献）
        事件1: α=0.4 β=0.25 γ=0.35 δ=0.05 | w0=0.1 w1=0.75 w2=0.15
          * id=2 [订单号与退款银行卡信息] identity,fact,deci str=0 age=    4.7s | R=1.000 T=0.965 F=0.848 | αR=0.400 βT=0.241 γF=0.297 → S=0.988
          * id=3 [用户生日信息] identity           str=0 age=    3.9s | R=0.000 T=0.968 F=0.812 | αR=0.000 βT=0.242 γF=0.284 → S=0.576
          * id=4 [用户手机机型] identity           str=0 age=    3.9s | R=0.000 T=0.968 F=0.812 | αR=0.000 βT=0.242 γF=0.284 → S=0.576
          * id=1 [宠物猫小白] identity,chat      str=0 age=    6.5s | R=0.000 T=0.959 F=0.818 | αR=0.000 βT=0.240 γF=0.286 → S=0.576
        事件2: α=0.4 β=0.2 γ=0.4 δ=0.05 | w0=0.1 w1=0.8 w2=0.1
          * id=5 [用户设备与订单信息] identity,fact      str=0 age=    8.0s | R=1.000 T=0.954 F=0.884 | αR=0.400 βT=0.191 γF=0.354 → S=0.994
          * id=2 [订单号与退款银行卡信息] identity,fact,deci str=1 age=   14.4s | R=0.838 T=0.939 F=0.937 | αR=0.335 βT=0.188 γF=0.375 → S=0.948
          * id=3 [用户生日信息] identity           str=1 age=   13.5s | R=0.609 T=0.941 F=0.899 | αR=0.243 βT=0.188 γF=0.360 → S=0.841
          * id=4 [用户手机机型] identity           str=1 age=   13.5s | R=0.257 T=0.941 F=0.899 | αR=0.103 βT=0.188 γF=0.360 → S=0.701
            id=1 [宠物猫小白] identity,chat      str=1 age=   16.1s | R=0.000 T=0.935 F=0.905 | αR=0.000 βT=0.187 γF=0.362 → S=0.599
            id=8 [用户居住区域] identity           str=0 age=    4.7s | R=0.000 T=0.965 F=0.860 | αR=0.000 βT=0.193 γF=0.344 → S=0.587
            id=7 [用户饮食偏好] preference         str=0 age=    5.6s | R=0.000 T=0.961 F=0.740 | αR=0.000 βT=0.192 γF=0.296 → S=0.538
            id=6 [用户空闲时间偏好] preference         str=0 age=    7.3s | R=0.000 T=0.956 F=0.740 | αR=0.000 βT=0.191 γF=0.296 → S=0.537
            id=9 [商店营业时间咨询] chat               str=0 age=    3.8s | R=0.000 T=0.968 F=0.220 | αR=0.000 βT=0.194 γF=0.088 → S=0.332
        事件3: α=0.45 β=0.2 γ=0.35 δ=0.05 | w0=0.1 w1=0.8 w2=0.1
            id=10 [客服营业时间确认] fact               str=0 age=    5.3s | R=1.000 T=0.962 F=0.580 | αR=0.450 βT=0.193 γF=0.203 → S=0.895
            id=12 [订单退款待处理（202608] fact,decision      str=0 age=    7.8s | R=0.549 T=0.955 F=0.852 | αR=0.247 βT=0.191 γF=0.298 → S=0.786
            id=9 [商店营业时间咨询] chat               str=0 age=   12.2s | R=0.814 T=0.943 F=0.220 | αR=0.366 βT=0.189 γF=0.077 → S=0.682
          * id=6 [用户空闲时间偏好] preference         str=0 age=   15.8s | R=0.293 T=0.936 F=0.740 | αR=0.132 βT=0.187 γF=0.259 → S=0.628
          * id=3 [用户生日信息] identity           str=2 age=   22.0s | R=0.140 T=0.925 F=0.923 | αR=0.063 βT=0.185 γF=0.323 → S=0.621
          * id=2 [订单号与退款银行卡信息] identity,fact,deci str=2 age=   22.8s | R=0.000 T=0.923 F=0.961 | αR=0.000 βT=0.185 γF=0.336 → S=0.571
          * id=5 [用户设备与订单信息] identity,fact      str=1 age=   16.5s | R=0.000 T=0.934 F=0.923 | αR=0.000 βT=0.187 γF=0.323 → S=0.560
            id=4 [用户手机机型] identity           str=2 age=   22.0s | R=0.000 T=0.925 F=0.923 | αR=0.000 βT=0.185 γF=0.323 → S=0.558
            id=1 [宠物猫小白] identity,chat      str=1 age=   24.6s | R=0.000 T=0.921 F=0.905 | αR=0.000 βT=0.184 γF=0.317 → S=0.551
            id=8 [用户居住区域] identity           str=0 age=   13.1s | R=0.000 T=0.941 F=0.860 | αR=0.000 βT=0.188 γF=0.301 → S=0.539
            id=7 [用户饮食偏好] preference         str=0 age=   14.0s | R=0.000 T=0.940 F=0.740 | αR=0.000 βT=0.188 γF=0.259 → S=0.497
            id=13 [发货时效咨询] chat               str=0 age=    3.5s | R=0.298 T=0.969 F=0.220 | αR=0.134 βT=0.194 γF=0.077 → S=0.455
            id=11 [支付方式（货到付款/在线支付] fact               str=0 age=    3.5s | R=0.000 T=0.969 F=0.580 | αR=0.000 βT=0.194 γF=0.203 → S=0.447
        事件4: α=0.45 β=0.25 γ=0.3 δ=0.05 | w0=0.1 w1=0.75 w2=0.15
            id=14 [订单退款与发货时效] fact,episode       str=0 age=    5.6s | R=0.835 T=0.961 F=0.670 | αR=0.376 βT=0.240 γF=0.201 → S=0.867
            id=12 [订单退款待处理（202608] fact,decision      str=0 age=   16.5s | R=0.656 T=0.934 F=0.805 | αR=0.295 βT=0.234 γF=0.241 → S=0.820
            id=16 [退货条件确认与退款信息] fact,decision      str=0 age=    4.0s | R=0.637 T=0.967 F=0.805 | αR=0.287 βT=0.242 γF=0.241 → S=0.820
            id=13 [发货时效咨询] chat               str=0 age=   12.3s | R=1.000 T=0.943 F=0.212 | αR=0.450 βT=0.236 γF=0.064 → S=0.800
            id=15 [七天无理由退货政策] fact               str=0 age=    4.7s | R=0.715 T=0.964 F=0.550 | αR=0.322 βT=0.241 γF=0.165 → S=0.778
            id=10 [客服营业时间确认] fact               str=0 age=   14.1s | R=0.568 T=0.939 F=0.550 | αR=0.256 βT=0.235 γF=0.165 → S=0.705
          * id=2 [订单号与退款银行卡信息] identity,fact,deci str=3 age=   31.6s | R=0.232 T=0.911 F=0.964 | αR=0.104 βT=0.228 γF=0.289 → S=0.671
          * id=5 [用户设备与订单信息] identity,fact      str=2 age=   25.3s | R=0.000 T=0.920 F=0.930 | αR=0.000 βT=0.230 γF=0.279 → S=0.559
          * id=3 [用户生日信息] identity           str=3 age=   30.7s | R=0.000 T=0.912 F=0.929 | αR=0.000 βT=0.228 γF=0.279 → S=0.557
          * id=4 [用户手机机型] identity           str=2 age=   30.7s | R=0.000 T=0.912 F=0.907 | αR=0.000 βT=0.228 γF=0.272 → S=0.550
            id=11 [支付方式（货到付款/在线支付] fact               str=0 age=   12.3s | R=0.219 T=0.943 F=0.550 | αR=0.099 βT=0.236 γF=0.165 → S=0.549
            id=1 [宠物猫小白] identity,chat      str=1 age=   33.3s | R=0.000 T=0.908 F=0.877 | αR=0.000 βT=0.227 γF=0.263 → S=0.540
            id=8 [用户居住区域] identity           str=0 age=   21.9s | R=0.000 T=0.925 F=0.812 | αR=0.000 βT=0.231 γF=0.244 → S=0.525
            id=6 [用户空闲时间偏好] preference         str=1 age=   24.5s | R=0.000 T=0.921 F=0.759 | αR=0.000 βT=0.230 γF=0.228 → S=0.508
            id=7 [用户饮食偏好] preference         str=0 age=   22.8s | R=0.000 T=0.923 F=0.700 | αR=0.000 βT=0.231 γF=0.210 → S=0.491
            id=17 [会员折扣咨询] chat               str=0 age=    4.0s | R=0.000 T=0.967 F=0.212 | αR=0.000 βT=0.242 γF=0.064 → S=0.356
            id=9 [商店营业时间咨询] chat               str=0 age=   21.0s | R=0.000 T=0.926 F=0.212 | αR=0.000 βT=0.232 γF=0.064 → S=0.345
        事件5: α=0.45 β=0.2 γ=0.35 δ=0.05 | w0=0.1 w1=0.75 w2=0.15
            id=18 [订单退款与会员折扣咨询] fact,decision      str=0 age=    4.8s | R=0.962 T=0.964 F=0.805 | αR=0.433 βT=0.193 γF=0.282 → S=0.957
            id=17 [会员折扣咨询] chat               str=0 age=   12.5s | R=1.000 T=0.943 F=0.212 | αR=0.450 βT=0.189 γF=0.074 → S=0.763
            id=16 [退货条件确认与退款信息] fact,decision      str=0 age=   12.5s | R=0.487 T=0.943 F=0.805 | αR=0.219 βT=0.189 γF=0.282 → S=0.739
            id=19 [订单发票开具方式咨询] fact,decision      str=0 age=    3.4s | R=0.341 T=0.970 F=0.805 | αR=0.153 βT=0.194 γF=0.282 → S=0.679
            id=12 [订单退款待处理（202608] fact,decision      str=0 age=   25.1s | R=0.271 T=0.920 F=0.805 | αR=0.122 βT=0.184 γF=0.282 → S=0.637
          * id=2 [订单号与退款银行卡信息] identity,fact,deci str=4 age=   40.1s | R=0.093 T=0.900 F=0.977 | αR=0.042 βT=0.180 γF=0.342 → S=0.614
            id=15 [七天无理由退货政策] fact               str=0 age=   13.3s | R=0.392 T=0.941 F=0.550 | αR=0.176 βT=0.188 γF=0.193 → S=0.607
          * id=5 [用户设备与订单信息] identity,fact      str=3 age=   33.8s | R=0.000 T=0.908 F=0.952 | αR=0.000 βT=0.181 γF=0.333 → S=0.565
          * id=3 [用户生日信息] identity           str=4 age=   39.3s | R=0.000 T=0.901 F=0.942 | αR=0.000 βT=0.180 γF=0.330 → S=0.560
          * id=4 [用户手机机型] identity           str=3 age=   39.3s | R=0.000 T=0.901 F=0.929 | αR=0.000 βT=0.180 γF=0.325 → S=0.555
            id=11 [支付方式（货到付款/在线支付] fact               str=0 age=   20.8s | R=0.247 T=0.927 F=0.550 | αR=0.111 βT=0.185 γF=0.193 → S=0.539
            id=1 [宠物猫小白] identity,chat      str=1 age=   41.9s | R=0.000 T=0.898 F=0.877 | αR=0.000 βT=0.179 γF=0.307 → S=0.537
            id=10 [客服营业时间确认] fact               str=0 age=   22.6s | R=0.210 T=0.924 F=0.550 | αR=0.094 βT=0.185 γF=0.193 → S=0.522
            id=8 [用户居住区域] identity           str=0 age=   30.4s | R=0.000 T=0.912 F=0.812 | αR=0.000 βT=0.182 γF=0.284 → S=0.517
            id=6 [用户空闲时间偏好] preference         str=1 age=   33.1s | R=0.000 T=0.909 F=0.759 | αR=0.000 βT=0.182 γF=0.266 → S=0.497
            id=7 [用户饮食偏好] preference         str=0 age=   31.3s | R=0.000 T=0.911 F=0.700 | αR=0.000 βT=0.182 γF=0.245 → S=0.477
            id=14 [订单退款与发货时效] fact,episode       str=0 age=   14.2s | R=0.000 T=0.939 F=0.670 | αR=0.000 βT=0.188 γF=0.234 → S=0.472
            id=20 [询问是否有实体店] chat               str=0 age=    3.4s | R=0.000 T=0.970 F=0.212 | αR=0.000 βT=0.194 γF=0.074 → S=0.318
            id=13 [发货时效咨询] chat               str=0 age=   20.8s | R=0.000 T=0.927 F=0.212 | αR=0.000 βT=0.185 γF=0.074 → S=0.310
            id=9 [商店营业时间咨询] chat               str=0 age=   29.5s | R=0.000 T=0.913 F=0.212 | αR=0.000 βT=0.183 γF=0.074 → S=0.307
        事件6: α=0.45 β=0.2 γ=0.35 δ=0.05 | w0=0.1 w1=0.8 w2=0.1
            id=21 [门店分布与客服时间咨询] fact,chat          str=0 age=    7.8s | R=1.000 T=0.955 F=0.628 | αR=0.450 βT=0.191 γF=0.220 → S=0.911
            id=22 [订单20260815-004] fact,decision      str=0 age=    5.0s | R=0.639 T=0.963 F=0.852 | αR=0.288 βT=0.193 γF=0.298 → S=0.829
            id=10 [客服营业时间确认] fact               str=0 age=   31.1s | R=0.675 T=0.911 F=0.580 | αR=0.304 βT=0.182 γF=0.203 → S=0.739
            id=12 [订单退款待处理（202608] fact,decision      str=0 age=   33.6s | R=0.428 T=0.908 F=0.852 | αR=0.192 βT=0.182 γF=0.298 → S=0.722
            id=9 [商店营业时间咨询] chat               str=0 age=   38.0s | R=0.873 T=0.902 F=0.220 | αR=0.393 βT=0.180 γF=0.077 → S=0.701
            id=18 [订单退款与会员折扣咨询] fact,decision      str=0 age=   13.3s | R=0.161 T=0.941 F=0.852 | αR=0.072 βT=0.188 γF=0.298 → S=0.609
          * id=2 [订单号与退款银行卡信息] identity,fact,deci str=5 age=   48.6s | R=0.000 T=0.890 F=0.989 | αR=0.000 βT=0.178 γF=0.346 → S=0.574
          * id=5 [用户设备与订单信息] identity,fact      str=4 age=   42.3s | R=0.000 T=0.897 F=0.971 | αR=0.000 βT=0.179 γF=0.340 → S=0.569
          * id=3 [用户生日信息] identity           str=5 age=   47.8s | R=0.000 T=0.891 F=0.952 | αR=0.000 βT=0.178 γF=0.333 → S=0.561
          * id=4 [用户手机机型] identity           str=4 age=   47.8s | R=0.000 T=0.891 F=0.947 | αR=0.000 βT=0.178 γF=0.331 → S=0.559
            id=20 [询问是否有实体店] chat               str=0 age=   11.9s | R=0.531 T=0.944 F=0.220 | αR=0.239 βT=0.189 γF=0.077 → S=0.555
            id=23 [客服下班时间确认] fact,chat          str=0 age=    3.3s | R=0.199 T=0.970 F=0.628 | αR=0.090 βT=0.194 γF=0.220 → S=0.553
            id=1 [宠物猫小白] identity,chat      str=1 age=   50.4s | R=0.000 T=0.888 F=0.905 | αR=0.000 βT=0.178 γF=0.317 → S=0.545
            id=19 [订单发票开具方式咨询] fact,decision      str=0 age=   11.9s | R=0.000 T=0.944 F=0.852 | αR=0.000 βT=0.189 γF=0.298 → S=0.537
            id=16 [退货条件确认与退款信息] fact,decision      str=0 age=   21.0s | R=0.000 T=0.926 F=0.852 | αR=0.000 βT=0.185 γF=0.298 → S=0.533
            id=8 [用户居住区域] identity           str=0 age=   38.9s | R=0.000 T=0.901 F=0.860 | αR=0.000 βT=0.180 γF=0.301 → S=0.531
            id=17 [会员折扣咨询] chat               str=0 age=   21.0s | R=0.476 T=0.926 F=0.220 | αR=0.214 βT=0.185 γF=0.077 → S=0.526
            id=6 [用户空闲时间偏好] preference         str=1 age=   41.6s | R=0.000 T=0.898 F=0.779 | αR=0.000 βT=0.180 γF=0.273 → S=0.502
            id=7 [用户饮食偏好] preference         str=0 age=   39.8s | R=0.000 T=0.900 F=0.740 | αR=0.000 βT=0.180 γF=0.259 → S=0.489
            id=14 [订单退款与发货时效] fact,episode       str=0 age=   22.7s | R=0.000 T=0.924 F=0.708 | αR=0.000 βT=0.185 γF=0.248 → S=0.482
            id=11 [支付方式（货到付款/在线支付] fact               str=0 age=   29.3s | R=0.074 T=0.914 F=0.580 | αR=0.033 βT=0.183 γF=0.203 → S=0.469
            id=15 [七天无理由退货政策] fact               str=0 age=   21.7s | R=0.052 T=0.925 F=0.580 | αR=0.023 βT=0.185 γF=0.203 → S=0.461
            id=24 [退货运费承担方咨询] chat               str=0 age=    3.3s | R=0.000 T=0.970 F=0.220 | αR=0.000 βT=0.194 γF=0.077 → S=0.321
            id=13 [发货时效咨询] chat               str=0 age=   29.3s | R=0.000 T=0.914 F=0.220 | αR=0.000 βT=0.183 γF=0.077 → S=0.310
        事件7: α=0.45 β=0.2 γ=0.35 δ=0.05 | w0=0.1 w1=0.75 w2=0.15
            id=25 [订单退货运费归属与退款进度] fact,decision,epis str=0 age=    6.0s | R=0.703 T=0.960 F=0.823 | αR=0.316 βT=0.192 γF=0.288 → S=0.846
            id=24 [退货运费承担方咨询] chat               str=0 age=   13.0s | R=1.000 T=0.942 F=0.212 | αR=0.450 βT=0.188 γF=0.074 → S=0.763
          * id=2 [订单号与退款银行卡信息] identity,fact,deci str=6 age=   58.3s | R=0.319 T=0.880 F=0.990 | αR=0.143 βT=0.176 γF=0.347 → S=0.716
            id=22 [订单20260815-004] fact,decision      str=0 age=   14.7s | R=0.330 T=0.938 F=0.805 | αR=0.149 βT=0.188 γF=0.282 → S=0.668
            id=18 [订单退款与会员折扣咨询] fact,decision      str=0 age=   23.0s | R=0.299 T=0.923 F=0.805 | αR=0.135 βT=0.185 γF=0.282 → S=0.651
            id=16 [退货条件确认与退款信息] fact,decision      str=0 age=   30.7s | R=0.286 T=0.912 F=0.805 | αR=0.129 βT=0.182 γF=0.282 → S=0.643
            id=15 [七天无理由退货政策] fact               str=0 age=   31.5s | R=0.390 T=0.911 F=0.550 | αR=0.176 βT=0.182 γF=0.193 → S=0.600
            id=19 [订单发票开具方式咨询] fact,decision      str=0 age=   21.6s | R=0.142 T=0.925 F=0.805 | αR=0.064 βT=0.185 γF=0.282 → S=0.581
          * id=26 [会员折扣与优惠活动咨询] preference,fact    str=0 age=    3.8s | R=0.127 T=0.968 F=0.790 | αR=0.057 βT=0.194 γF=0.277 → S=0.577
          * id=5 [用户设备与订单信息] identity,fact      str=5 age=   52.0s | R=0.000 T=0.887 F=0.973 | αR=0.000 βT=0.177 γF=0.340 → S=0.568
          * id=3 [用户生日信息] identity           str=6 age=   57.5s | R=0.000 T=0.881 F=0.955 | αR=0.000 βT=0.176 γF=0.334 → S=0.560
            id=4 [用户手机机型] identity           str=5 age=   57.5s | R=0.000 T=0.881 F=0.950 | αR=0.000 βT=0.176 γF=0.333 → S=0.559
            id=12 [订单退款待处理（202608] fact,decision      str=0 age=   43.3s | R=0.102 T=0.896 F=0.805 | αR=0.046 βT=0.179 γF=0.282 → S=0.557
            id=1 [宠物猫小白] identity,chat      str=1 age=   60.1s | R=0.000 T=0.879 F=0.877 | αR=0.000 βT=0.176 γF=0.307 → S=0.533
            id=8 [用户居住区域] identity           str=0 age=   48.6s | R=0.000 T=0.890 F=0.812 | αR=0.000 βT=0.178 γF=0.284 → S=0.512
            id=6 [用户空闲时间偏好] preference         str=1 age=   51.3s | R=0.000 T=0.887 F=0.759 | αR=0.000 βT=0.177 γF=0.266 → S=0.493
            id=7 [用户饮食偏好] preference         str=0 age=   49.5s | R=0.000 T=0.889 F=0.700 | αR=0.000 βT=0.178 γF=0.245 → S=0.473
            id=14 [订单退款与发货时效] fact,episode       str=0 age=   32.4s | R=0.000 T=0.909 F=0.670 | αR=0.000 βT=0.182 γF=0.234 → S=0.466
            id=11 [支付方式（货到付款/在线支付] fact               str=0 age=   39.0s | R=0.077 T=0.901 F=0.550 | αR=0.035 βT=0.180 γF=0.193 → S=0.457
            id=23 [客服下班时间确认] fact,chat          str=0 age=   13.0s | R=0.001 T=0.942 F=0.595 | αR=0.000 βT=0.188 γF=0.208 → S=0.447
            id=21 [门店分布与客服时间咨询] fact,chat          str=0 age=   17.5s | R=0.000 T=0.933 F=0.595 | αR=0.000 βT=0.186 γF=0.208 → S=0.445
            id=10 [客服营业时间确认] fact               str=0 age=   40.8s | R=0.000 T=0.899 F=0.550 | αR=0.000 βT=0.180 γF=0.193 → S=0.422
            id=27 [预约上门取件需求] episode            str=0 age=    3.8s | R=0.000 T=0.968 F=0.400 | αR=0.000 βT=0.194 γF=0.140 → S=0.384
            id=13 [发货时效咨询] chat               str=0 age=   39.0s | R=0.088 T=0.901 F=0.212 | αR=0.040 βT=0.180 γF=0.074 → S=0.344
            id=20 [询问是否有实体店] chat               str=0 age=   21.6s | R=0.000 T=0.925 F=0.212 | αR=0.000 βT=0.185 γF=0.074 → S=0.309
            id=17 [会员折扣咨询] chat               str=0 age=   30.7s | R=0.000 T=0.912 F=0.212 | αR=0.000 βT=0.182 γF=0.074 → S=0.307
            id=9 [商店营业时间咨询] chat               str=0 age=   47.7s | R=0.000 T=0.891 F=0.212 | αR=0.000 βT=0.178 γF=0.074 → S=0.303
        事件8: α=0.45 β=0.2 γ=0.35 δ=0.05 | w0=0.1 w1=0.75 w2=0.15
          * id=28 [退货上门取件预约与时间偏好] fact,preference,ep str=0 age=    5.2s | R=0.788 T=0.963 F=0.814 | αR=0.354 βT=0.193 γF=0.285 → S=0.882
            id=27 [预约上门取件需求] episode            str=0 age=   12.6s | R=1.000 T=0.943 F=0.400 | αR=0.450 βT=0.189 γF=0.140 → S=0.829
            id=30 [退款进度与银行卡信息] fact               str=0 age=    5.2s | R=0.751 T=0.963 F=0.550 | αR=0.338 βT=0.193 γF=0.193 → S=0.773
            id=22 [订单20260815-004] fact,decision      str=0 age=   23.5s | R=0.173 T=0.922 F=0.805 | αR=0.078 βT=0.184 γF=0.282 → S=0.594
          * id=2 [订单号与退款银行卡信息] identity,fact,deci str=7 age=   67.1s | R=0.025 T=0.872 F=0.993 | αR=0.011 βT=0.174 γF=0.348 → S=0.583
            id=12 [订单退款待处理（202608] fact,decision      str=0 age=   52.1s | R=0.132 T=0.887 F=0.805 | αR=0.060 βT=0.177 γF=0.282 → S=0.569
          * id=5 [用户设备与订单信息] identity,fact      str=6 age=   60.8s | R=0.000 T=0.878 F=0.978 | αR=0.000 βT=0.176 γF=0.342 → S=0.568
          * id=3 [用户生日信息] identity           str=7 age=   66.3s | R=0.000 T=0.873 F=0.958 | αR=0.000 βT=0.175 γF=0.335 → S=0.560
            id=4 [用户手机机型] identity           str=5 age=   66.3s | R=0.000 T=0.873 F=0.950 | αR=0.000 βT=0.175 γF=0.333 → S=0.557
            id=25 [订单退货运费归属与退款进度] fact,decision,epis str=0 age=   14.8s | R=0.053 T=0.938 F=0.823 | αR=0.024 βT=0.188 γF=0.288 → S=0.550
            id=26 [会员折扣与优惠活动咨询] preference,fact    str=1 age=   12.6s | R=0.000 T=0.943 F=0.849 | αR=0.000 βT=0.189 γF=0.297 → S=0.536
            id=1 [宠物猫小白] identity,chat      str=1 age=   68.9s | R=0.000 T=0.871 F=0.877 | αR=0.000 βT=0.174 γF=0.307 → S=0.531
            id=16 [退货条件确认与退款信息] fact,decision      str=0 age=   39.5s | R=0.017 T=0.900 F=0.805 | αR=0.007 βT=0.180 γF=0.282 → S=0.519
            id=19 [订单发票开具方式咨询] fact,decision      str=0 age=   30.4s | R=0.000 T=0.912 F=0.805 | αR=0.000 βT=0.182 γF=0.282 → S=0.514
            id=18 [订单退款与会员折扣咨询] fact,decision      str=0 age=   31.8s | R=0.000 T=0.910 F=0.805 | αR=0.000 βT=0.182 γF=0.282 → S=0.514
            id=8 [用户居住区域] identity           str=0 age=   57.4s | R=0.000 T=0.881 F=0.812 | αR=0.000 βT=0.176 γF=0.284 → S=0.511
            id=6 [用户空闲时间偏好] preference         str=1 age=   60.1s | R=0.000 T=0.879 F=0.759 | αR=0.000 βT=0.176 γF=0.266 → S=0.491
            id=29 [保修期咨询与确认] fact,episode       str=0 age=    3.6s | R=0.000 T=0.969 F=0.670 | αR=0.000 βT=0.194 γF=0.234 → S=0.478
            id=23 [客服下班时间确认] fact,chat          str=0 age=   21.8s | R=0.078 T=0.925 F=0.595 | αR=0.035 βT=0.185 γF=0.208 → S=0.478
            id=10 [客服营业时间确认] fact               str=0 age=   49.6s | R=0.121 T=0.889 F=0.550 | αR=0.055 βT=0.178 γF=0.193 → S=0.475
            id=7 [用户饮食偏好] preference         str=0 age=   58.3s | R=0.000 T=0.880 F=0.700 | αR=0.000 βT=0.176 γF=0.245 → S=0.471
            id=15 [七天无理由退货政策] fact               str=0 age=   40.2s | R=0.096 T=0.900 F=0.550 | αR=0.043 βT=0.180 γF=0.193 → S=0.466
            id=14 [订单退款与发货时效] fact,episode       str=0 age=   41.2s | R=0.000 T=0.899 F=0.670 | αR=0.000 βT=0.180 γF=0.234 → S=0.464
            id=21 [门店分布与客服时间咨询] fact,chat          str=0 age=   26.3s | R=0.026 T=0.918 F=0.595 | αR=0.012 βT=0.184 γF=0.208 → S=0.454
            id=11 [支付方式（货到付款/在线支付] fact               str=0 age=   47.8s | R=0.064 T=0.891 F=0.550 | αR=0.029 βT=0.178 γF=0.193 → S=0.449
            id=24 [退货运费承担方咨询] chat               str=0 age=   21.8s | R=0.173 T=0.925 F=0.212 | αR=0.078 βT=0.185 γF=0.074 → S=0.387
            id=13 [发货时效咨询] chat               str=0 age=   47.8s | R=0.122 T=0.891 F=0.212 | αR=0.055 βT=0.178 γF=0.074 → S=0.357
            id=31 [无关提问（宠物名字）] chat               str=0 age=    3.6s | R=0.000 T=0.969 F=0.212 | αR=0.000 βT=0.194 γF=0.074 → S=0.318
            id=20 [询问是否有实体店] chat               str=0 age=   30.4s | R=0.000 T=0.912 F=0.212 | αR=0.000 βT=0.182 γF=0.074 → S=0.307
            id=17 [会员折扣咨询] chat               str=0 age=   39.5s | R=0.000 T=0.900 F=0.212 | αR=0.000 βT=0.180 γF=0.074 → S=0.304
            id=9 [商店营业时间咨询] chat               str=0 age=   56.5s | R=0.000 T=0.882 F=0.212 | αR=0.000 βT=0.176 γF=0.074 → S=0.301
        事件9: α=0.35 β=0.25 γ=0.4 δ=0.05 | w0=0.1 w1=0.8 w2=0.1
          * id=1 [宠物猫小白] identity,chat      str=1 age=   77.0s | R=1.000 T=0.864 F=0.905 | αR=0.350 βT=0.216 γF=0.362 → S=0.978
          * id=32 [宠物信息（猫名小白）] identity,fact      str=0 age=    7.7s | R=0.558 T=0.955 F=0.884 | αR=0.195 βT=0.239 γF=0.354 → S=0.838
          * id=5 [用户设备与订单信息] identity,fact      str=7 age=   68.9s | R=0.241 T=0.871 F=0.981 | αR=0.084 βT=0.218 γF=0.392 → S=0.744
          * id=3 [用户生日信息] identity           str=8 age=   74.4s | R=0.215 T=0.866 F=0.958 | αR=0.075 βT=0.216 γF=0.383 → S=0.725
            id=2 [订单号与退款银行卡信息] identity,fact,deci str=8 age=   75.2s | R=0.087 T=0.865 F=0.996 | αR=0.030 βT=0.216 γF=0.398 → S=0.695
            id=28 [退货上门取件预约与时间偏好] fact,preference,ep str=1 age=   13.4s | R=0.112 T=0.941 F=0.901 | αR=0.039 βT=0.235 γF=0.360 → S=0.685
            id=16 [退货条件确认与退款信息] fact,decision      str=0 age=   47.7s | R=0.101 T=0.891 F=0.852 | αR=0.035 βT=0.223 γF=0.341 → S=0.649
            id=4 [用户手机机型] identity           str=5 age=   74.4s | R=0.000 T=0.866 F=0.952 | αR=0.000 βT=0.216 γF=0.381 → S=0.647
            id=35 [生日与手机机型询问] identity,fact      str=0 age=    4.0s | R=0.000 T=0.967 F=0.884 | αR=0.000 βT=0.242 γF=0.354 → S=0.645
            id=34 [退款银行卡信息] identity,fact      str=0 age=    4.7s | R=0.000 T=0.965 F=0.884 | αR=0.000 βT=0.241 γF=0.354 → S=0.645
            id=33 [订单号信息] identity,fact      str=0 age=    5.6s | R=0.000 T=0.961 F=0.884 | αR=0.000 βT=0.240 γF=0.354 → S=0.644
            id=22 [订单20260815-004] fact,decision      str=0 age=   31.6s | R=0.050 T=0.910 F=0.852 | αR=0.017 βT=0.228 γF=0.341 → S=0.636
            id=26 [会员折扣与优惠活动咨询] preference,fact    str=1 age=   20.7s | R=0.000 T=0.927 F=0.875 | αR=0.000 βT=0.232 γF=0.350 → S=0.632
            id=25 [订单退货运费归属与退款进度] fact,decision,epis str=0 age=   22.9s | R=0.000 T=0.923 F=0.871 | αR=0.000 βT=0.231 γF=0.348 → S=0.629
            id=12 [订单退款待处理（202608] fact,decision      str=0 age=   60.2s | R=0.040 T=0.879 F=0.852 | αR=0.014 βT=0.220 γF=0.341 → S=0.625
            id=19 [订单发票开具方式咨询] fact,decision      str=0 age=   38.5s | R=0.000 T=0.902 F=0.852 | αR=0.000 βT=0.225 γF=0.341 → S=0.616
            id=18 [订单退款与会员折扣咨询] fact,decision      str=0 age=   40.0s | R=0.000 T=0.900 F=0.852 | αR=0.000 βT=0.225 γF=0.341 → S=0.616
            id=8 [用户居住区域] identity           str=0 age=   65.5s | R=0.000 T=0.874 F=0.860 | αR=0.000 βT=0.218 γF=0.344 → S=0.612
            id=6 [用户空闲时间偏好] preference         str=1 age=   68.2s | R=0.000 T=0.871 F=0.779 | αR=0.000 βT=0.218 γF=0.312 → S=0.580
            id=29 [保修期咨询与确认] fact,episode       str=0 age=   11.7s | R=0.000 T=0.945 F=0.708 | αR=0.000 βT=0.236 γF=0.283 → S=0.569
            id=7 [用户饮食偏好] preference         str=0 age=   66.4s | R=0.000 T=0.873 F=0.740 | αR=0.000 βT=0.218 γF=0.296 → S=0.564
            id=21 [门店分布与客服时间咨询] fact,chat          str=0 age=   34.4s | R=0.093 T=0.907 F=0.628 | αR=0.033 βT=0.227 γF=0.251 → S=0.561
            id=14 [订单退款与发货时效] fact,episode       str=0 age=   49.3s | R=0.000 T=0.890 F=0.708 | αR=0.000 βT=0.222 γF=0.283 → S=0.556
            id=30 [退款进度与银行卡信息] fact               str=0 age=   13.4s | R=0.095 T=0.941 F=0.580 | αR=0.033 βT=0.235 γF=0.232 → S=0.550
            id=15 [七天无理由退货政策] fact               str=0 age=   48.4s | R=0.113 T=0.890 F=0.580 | αR=0.040 βT=0.223 γF=0.232 → S=0.544
            id=27 [预约上门取件需求] episode            str=0 age=   20.7s | R=0.248 T=0.927 F=0.420 | αR=0.087 βT=0.232 γF=0.168 → S=0.536
            id=23 [客服下班时间确认] fact,chat          str=0 age=   30.0s | R=0.000 T=0.913 F=0.628 | αR=0.000 βT=0.228 γF=0.251 → S=0.529
            id=10 [客服营业时间确认] fact               str=0 age=   57.7s | R=0.034 T=0.881 F=0.580 | αR=0.012 βT=0.220 γF=0.232 → S=0.514
            id=11 [支付方式（货到付款/在线支付] fact               str=0 age=   56.0s | R=0.000 T=0.883 F=0.580 | αR=0.000 βT=0.221 γF=0.232 → S=0.503
            id=31 [无关提问（宠物名字）] chat               str=0 age=   11.7s | R=0.362 T=0.945 F=0.220 | αR=0.127 βT=0.236 γF=0.088 → S=0.501
            id=17 [会员折扣咨询] chat               str=0 age=   47.7s | R=0.153 T=0.891 F=0.220 | αR=0.054 βT=0.223 γF=0.088 → S=0.414
            id=20 [询问是否有实体店] chat               str=0 age=   38.5s | R=0.113 T=0.902 F=0.220 | αR=0.040 βT=0.225 γF=0.088 → S=0.403
            id=24 [退货运费承担方咨询] chat               str=0 age=   30.0s | R=0.000 T=0.913 F=0.220 | αR=0.000 βT=0.228 γF=0.088 → S=0.366
            id=13 [发货时效咨询] chat               str=0 age=   56.0s | R=0.000 T=0.883 F=0.220 | αR=0.000 βT=0.221 γF=0.088 → S=0.359
            id=9 [商店营业时间咨询] chat               str=0 age=   64.6s | R=0.000 T=0.875 F=0.220 | αR=0.000 βT=0.219 γF=0.088 → S=0.357
      [诊断] 最终系统提示词=
你是智能客服，请基于用户画像与记忆片段简洁回答。
【当前用户画像】
user_goals: ['处理订单 20260815-0042 的退款']
user_person: {'pet': '猫，名叫小白', 'order_id': '20260815-0042', 'refund_bank_card_last4': '3366', 'phone_model': '华为 Mate 60', '手机型号': '华为 Mate 60', '相关订单': '20260815-0042', '居住地': '朝阳区望京街道', '偏好': '重庆火锅', '空闲时间': '晚上十点之后', '订单号': '20260815-0042', '咨询事项': '订单退款、退货运费承担方、实体店/体验店信息、客服工作时间', '关注点': ['退款到账时间', '发货时间', '七天无理由退货政策', '会员折扣'], '退款状态': '已登记退款', '退款去向': '尾号3366银行卡', '退款到账时效': '3–5个工作日', '会员折扣': '九八折', '退款银行卡尾号': '3366', '发票需求': '下单备注抬头即可开发票', '咨询问题': ['退款到账时间', '发票开具', '实体店是否存在'], '所在区域': '朝阳区望京街道', '会员等级': '注册会员', '订单记录': ['20260815-0042（因商品质量问题退货退款，运费由商家承担，退款退回尾号3366银行卡，预计3-5个工作日到账）'], '关注活动': ['满300减50'], '服务需求': ['预约上门取件'], '订单信息': {'订单号': '20260815-0042', '售后事项': '退货上门取件、退款处理中', '退款去向': '尾号3366银行卡', '退款时效': '3-5个工作日', '保修信息': '整机保修1年'}, '偏好时间段': '晚上十点之后', '宠物': '养猫'}
以下为相关片段：
我家养了一只猫，叫小白。
小白真可爱！请问有什么可以帮您的？
您家猫叫**小白**。
好的，已记录您的手机型号为华为 Mate 60。请问还需要帮您处理订单 20260815-0042 的退款或其他问题吗？
我的生日是 3 月 14 日。
好的，已记录。请问您还需要我帮您处理订单 **20260815-0042** 的退款或其他问题吗？

===== 汇总 =====
  d-24-0-multidimopen-v2: baseline: 0/8 (5984 in, 40 calls), summarize: 7/8 (47276 in, 52 calls), bmdm: 7/8 (48669 in, 67 calls)
（跳过 recall_benchmark.png：tag='-multidimopen-v2' 下无数据）
图表已保存：D:\pycharm\pycharm study\intelligent_customer_service\memory_middleware\benchmarks\output\detail_retention.png
（跳过 cross_session_recall.png：tag='-multidimopen-v2' 下无数据）
